This file contains any messages produced by compilers while
running configure, to aid debugging if configure makes a mistake.

It was created by SoundTouch configure 2.0.0, which was
generated by GNU Autoconf 2.69.  Invocation command line was

  $ ./configure clean

## --------- ##
## Platform. ##
## --------- ##

hostname = dmwork
uname -m = x86_64
uname -r = 4.15.0-112-generic
uname -s = Linux
uname -v = #113~16.04.1-Ubuntu SMP Fri Jul 10 04:37:08 UTC 2020

/usr/bin/uname -p = unknown
/bin/uname -X     = unknown

/bin/arch              = unknown
/usr/bin/arch -k       = unknown
/usr/convex/getsysinfo = unknown
/usr/bin/hostinfo      = unknown
/bin/machine           = unknown
/usr/bin/oslevel       = unknown
/bin/universe          = unknown

PATH: /home/dm/.local/bin
PATH: /home/dm2/work/project/mywork/power_lower/oppo/env/gcc-arm-none-eabi-10.3-2021.10-x86_64-linux/bin
PATH: /home/dm/miniconda3/bin
PATH: /home/dm/miniconda3/condabin
PATH: /home/dm/bin
PATH: /home/dm/.local/bin
PATH: /usr/local/sbin
PATH: /usr/local/bin
PATH: /usr/sbin
PATH: /usr/bin
PATH: /sbin
PATH: /bin
PATH: /usr/games
PATH: /usr/local/games
PATH: /snap/bin


## ----------- ##
## Core tests. ##
## ----------- ##

configure:2449: checking for a BSD-compatible install
configure:2517: result: /usr/bin/install -c
configure:2528: checking whether build environment is sane
configure:2583: result: yes
configure:2734: checking for a thread-safe mkdir -p
configure:2773: result: /bin/mkdir -p
configure:2780: checking for gawk
configure:2796: found /usr/bin/gawk
configure:2807: result: gawk
configure:2818: checking whether make sets $(MAKE)
configure:2840: result: yes
configure:2869: checking whether make supports nested variables
configure:2886: result: yes
configure:3022: checking whether make supports nested variables
configure:3039: result: yes
configure:3108: checking for clean-g++
configure:3138: result: no
configure:3108: checking for clean-c++
configure:3138: result: no
configure:3108: checking for clean-gpp
configure:3138: result: no
configure:3108: checking for clean-aCC
configure:3138: result: no
configure:3108: checking for clean-CC
configure:3138: result: no
configure:3108: checking for clean-cxx
configure:3138: result: no
configure:3108: checking for clean-cc++
configure:3138: result: no
configure:3108: checking for clean-cl.exe
configure:3138: result: no
configure:3108: checking for clean-FCC
configure:3138: result: no
configure:3108: checking for clean-KCC
configure:3138: result: no
configure:3108: checking for clean-RCC
configure:3138: result: no
configure:3108: checking for clean-xlC_r
configure:3138: result: no
configure:3108: checking for clean-xlC
configure:3138: result: no
configure:3152: checking for g++
configure:3168: found /usr/bin/g++
configure:3179: result: g++
configure:3206: checking for C++ compiler version
configure:3215: g++ --version >&5
g++ (Ubuntu 7.5.0-3ubuntu1~16.04) 7.5.0
Copyright (C) 2017 Free Software Foundation, Inc.
This is free software; see the source for copying conditions.  There is NO
warranty; not even for MERCHANTABILITY or FITNESS FOR A PARTICULAR PURPOSE.

configure:3226: $? = 0
configure:3215: g++ -v >&5
Using built-in specs.
COLLECT_GCC=g++
COLLECT_LTO_WRAPPER=/usr/lib/gcc/x86_64-linux-gnu/7/lto-wrapper
OFFLOAD_TARGET_NAMES=nvptx-none
OFFLOAD_TARGET_DEFAULT=1
Target: x86_64-linux-gnu
Configured with: ../src/configure -v --with-pkgversion='Ubuntu 7.5.0-3ubuntu1~16.04' --with-bugurl=file:///usr/share/doc/gcc-7/README.Bugs --enable-languages=c,ada,c++,go,brig,d,fortran,objc,obj-c++ --prefix=/usr --with-gcc-major-version-only --program-suffix=-7 --program-prefix=x86_64-linux-gnu- --enable-shared --enable-linker-build-id --libexecdir=/usr/lib --without-included-gettext --enable-threads=posix --libdir=/usr/lib --enable-nls --enable-bootstrap --enable-clocale=gnu --enable-libstdcxx-debug --enable-libstdcxx-time=yes --with-default-libstdcxx-abi=new --enable-gnu-unique-object --disable-vtable-verify --enable-libmpx --enable-plugin --with-system-zlib --with-target-system-zlib --enable-objc-gc=auto --enable-multiarch --disable-werror --with-arch-32=i686 --with-abi=m64 --with-multilib-list=m32,m64,mx32 --enable-multilib --with-tune=generic --enable-offload-targets=nvptx-none --without-cuda-driver --enable-checking=release --build=x86_64-linux-gnu --host=x86_64-linux-gnu --target=x86_64-linux-gnu
Thread model: posix
gcc version 7.5.0 (Ubuntu 7.5.0-3ubuntu1~16.04) 
configure:3226: $? = 0
configure:3215: g++ -V >&5
g++: error: unrecognized command line option '-V'
g++: fatal error: no input files
compilation terminated.
configure:3226: $? = 1
configure:3215: g++ -qversion >&5
g++: error: unrecognized command line option '-qversion'; did you mean '--version'?
g++: fatal error: no input files
compilation terminated.
configure:3226: $? = 1
configure:3246: checking whether the C++ compiler works
configure:3268: g++    conftest.cpp  >&5
configure:3272: $? = 0
configure:3320: result: yes
configure:3323: checking for C++ compiler default output file name
configure:3325: result: a.out
configure:3331: checking for suffix of executables
configure:3338: g++ -o conftest    conftest.cpp  >&5
configure:3342: $? = 0
configure:3364: result: 
configure:3386: checking whether we are cross compiling
configure:3394: g++ -o conftest    conftest.cpp  >&5
configure:3398: $? = 0
configure:3405: ./conftest
configure:3409: $? = 0
configure:3424: result: no
configure:3429: checking for suffix of object files
configure:3451: g++ -c   conftest.cpp >&5
configure:3455: $? = 0
configure:3476: result: o
configure:3480: checking whether we are using the GNU C++ compiler
configure:3499: g++ -c   conftest.cpp >&5
configure:3499: $? = 0
configure:3508: result: yes
configure:3517: checking whether g++ accepts -g
configure:3537: g++ -c -g  conftest.cpp >&5
configure:3537: $? = 0
configure:3578: result: yes
configure:3612: checking for style of include used by make
configure:3640: result: GNU
configure:3666: checking dependency style of g++
configure:3777: result: gcc3
configure:3801: checking for clean-gcc
configure:3831: result: no
configure:3841: checking for gcc
configure:3857: found /usr/bin/gcc
configure:3868: result: gcc
configure:4097: checking for C compiler version
configure:4106: gcc --version >&5
gcc (Ubuntu 7.5.0-3ubuntu1~16.04) 7.5.0
Copyright (C) 2017 Free Software Foundation, Inc.
This is free software; see the source for copying conditions.  There is NO
warranty; not even for MERCHANTABILITY or FITNESS FOR A PARTICULAR PURPOSE.

configure:4117: $? = 0
configure:4106: gcc -v >&5
Using built-in specs.
COLLECT_GCC=gcc
COLLECT_LTO_WRAPPER=/usr/lib/gcc/x86_64-linux-gnu/7/lto-wrapper
OFFLOAD_TARGET_NAMES=nvptx-none
OFFLOAD_TARGET_DEFAULT=1
Target: x86_64-linux-gnu
Configured with: ../src/configure -v --with-pkgversion='Ubuntu 7.5.0-3ubuntu1~16.04' --with-bugurl=file:///usr/share/doc/gcc-7/README.Bugs --enable-languages=c,ada,c++,go,brig,d,fortran,objc,obj-c++ --prefix=/usr --with-gcc-major-version-only --program-suffix=-7 --program-prefix=x86_64-linux-gnu- --enable-shared --enable-linker-build-id --libexecdir=/usr/lib --without-included-gettext --enable-threads=posix --libdir=/usr/lib --enable-nls --enable-bootstrap --enable-clocale=gnu --enable-libstdcxx-debug --enable-libstdcxx-time=yes --with-default-libstdcxx-abi=new --enable-gnu-unique-object --disable-vtable-verify --enable-libmpx --enable-plugin --with-system-zlib --with-target-system-zlib --enable-objc-gc=auto --enable-multiarch --disable-werror --with-arch-32=i686 --with-abi=m64 --with-multilib-list=m32,m64,mx32 --enable-multilib --with-tune=generic --enable-offload-targets=nvptx-none --without-cuda-driver --enable-checking=release --build=x86_64-linux-gnu --host=x86_64-linux-gnu --target=x86_64-linux-gnu
Thread model: posix
gcc version 7.5.0 (Ubuntu 7.5.0-3ubuntu1~16.04) 
configure:4117: $? = 0
configure:4106: gcc -V >&5
gcc: error: unrecognized command line option '-V'
gcc: fatal error: no input files
compilation terminated.
configure:4117: $? = 1
configure:4106: gcc -qversion >&5
gcc: error: unrecognized command line option '-qversion'; did you mean '--version'?
gcc: fatal error: no input files
compilation terminated.
configure:4117: $? = 1
configure:4121: checking whether we are using the GNU C compiler
configure:4140: gcc -c   conftest.c >&5
configure:4140: $? = 0
configure:4149: result: yes
configure:4158: checking whether gcc accepts -g
configure:4178: gcc -c -g  conftest.c >&5
configure:4178: $? = 0
configure:4219: result: yes
configure:4236: checking for gcc option to accept ISO C89
configure:4299: gcc  -c -g -O2  conftest.c >&5
configure:4299: $? = 0
configure:4312: result: none needed
configure:4337: checking whether gcc understands -c and -o together
configure:4359: gcc -c conftest.c -o conftest2.o
configure:4362: $? = 0
configure:4359: gcc -c conftest.c -o conftest2.o
configure:4362: $? = 0
configure:4374: result: yes
configure:4393: checking dependency style of gcc
configure:4504: result: gcc3
configure:4524: checking how to run the C preprocessor
configure:4555: gcc -E  conftest.c
configure:4555: $? = 0
configure:4569: gcc -E  conftest.c
conftest.c:11:10: fatal error: ac_nonexistent.h: No such file or directory
 #include <ac_nonexistent.h>
          ^~~~~~~~~~~~~~~~~~
compilation terminated.
configure:4569: $? = 1
configure: failed program was:
| /* confdefs.h */
| #define PACKAGE_NAME "SoundTouch"
| #define PACKAGE_TARNAME "soundtouch"
| #define PACKAGE_VERSION "2.0.0"
| #define PACKAGE_STRING "SoundTouch 2.0.0"
| #define PACKAGE_BUGREPORT "http://www.surina.net/soundtouch"
| #define PACKAGE_URL ""
| #define PACKAGE "soundtouch"
| #define VERSION "2.0.0"
| /* end confdefs.h.  */
| #include <ac_nonexistent.h>
configure:4594: result: gcc -E
configure:4614: gcc -E  conftest.c
configure:4614: $? = 0
configure:4628: gcc -E  conftest.c
conftest.c:11:10: fatal error: ac_nonexistent.h: No such file or directory
 #include <ac_nonexistent.h>
          ^~~~~~~~~~~~~~~~~~
compilation terminated.
configure:4628: $? = 1
configure: failed program was:
| /* confdefs.h */
| #define PACKAGE_NAME "SoundTouch"
| #define PACKAGE_TARNAME "soundtouch"
| #define PACKAGE_VERSION "2.0.0"
| #define PACKAGE_STRING "SoundTouch 2.0.0"
| #define PACKAGE_BUGREPORT "http://www.surina.net/soundtouch"
| #define PACKAGE_URL ""
| #define PACKAGE "soundtouch"
| #define VERSION "2.0.0"
| /* end confdefs.h.  */
| #include <ac_nonexistent.h>
configure:4661: checking how to run the C++ preprocessor
configure:4688: g++ -E  conftest.cpp
configure:4688: $? = 0
configure:4702: g++ -E  conftest.cpp
conftest.cpp:11:10: fatal error: ac_nonexistent.h: No such file or directory
 #include <ac_nonexistent.h>
          ^~~~~~~~~~~~~~~~~~
compilation terminated.
configure:4702: $? = 1
configure: failed program was:
| /* confdefs.h */
| #define PACKAGE_NAME "SoundTouch"
| #define PACKAGE_TARNAME "soundtouch"
| #define PACKAGE_VERSION "2.0.0"
| #define PACKAGE_STRING "SoundTouch 2.0.0"
| #define PACKAGE_BUGREPORT "http://www.surina.net/soundtouch"
| #define PACKAGE_URL ""
| #define PACKAGE "soundtouch"
| #define VERSION "2.0.0"
| /* end confdefs.h.  */
| #include <ac_nonexistent.h>
configure:4727: result: g++ -E
configure:4747: g++ -E  conftest.cpp
configure:4747: $? = 0
configure:4761: g++ -E  conftest.cpp
conftest.cpp:11:10: fatal error: ac_nonexistent.h: No such file or directory
 #include <ac_nonexistent.h>
          ^~~~~~~~~~~~~~~~~~
compilation terminated.
configure:4761: $? = 1
configure: failed program was:
| /* confdefs.h */
| #define PACKAGE_NAME "SoundTouch"
| #define PACKAGE_TARNAME "soundtouch"
| #define PACKAGE_VERSION "2.0.0"
| #define PACKAGE_STRING "SoundTouch 2.0.0"
| #define PACKAGE_BUGREPORT "http://www.surina.net/soundtouch"
| #define PACKAGE_URL ""
| #define PACKAGE "soundtouch"
| #define VERSION "2.0.0"
| /* end confdefs.h.  */
| #include <ac_nonexistent.h>
configure:4791: checking whether make sets $(MAKE)
configure:4813: result: yes
configure:4852: checking build system type
configure:4863: error: /bin/bash config/config.sub clean failed

## ---------------- ##
## Cache variables. ##
## ---------------- ##

ac_cv_build=
ac_cv_c_compiler_gnu=yes
ac_cv_cxx_compiler_gnu=yes
ac_cv_env_CCC_set=
ac_cv_env_CCC_value=
ac_cv_env_CC_set=
ac_cv_env_CC_value=
ac_cv_env_CFLAGS_set=
ac_cv_env_CFLAGS_value=
ac_cv_env_CPPFLAGS_set=
ac_cv_env_CPPFLAGS_value=
ac_cv_env_CPP_set=
ac_cv_env_CPP_value=
ac_cv_env_CXXCPP_set=
ac_cv_env_CXXCPP_value=
ac_cv_env_CXXFLAGS_set=
ac_cv_env_CXXFLAGS_value=
ac_cv_env_CXX_set=
ac_cv_env_CXX_value=
ac_cv_env_LDFLAGS_set=
ac_cv_env_LDFLAGS_value=
ac_cv_env_LIBS_set=
ac_cv_env_LIBS_value=
ac_cv_env_build_alias_set=set
ac_cv_env_build_alias_value=clean
ac_cv_env_host_alias_set=set
ac_cv_env_host_alias_value=clean
ac_cv_env_target_alias_set=set
ac_cv_env_target_alias_value=clean
ac_cv_objext=o
ac_cv_path_install='/usr/bin/install -c'
ac_cv_path_mkdir=/bin/mkdir
ac_cv_prog_AWK=gawk
ac_cv_prog_CPP='gcc -E'
ac_cv_prog_CXXCPP='g++ -E'
ac_cv_prog_ac_ct_CC=gcc
ac_cv_prog_ac_ct_CXX=g++
ac_cv_prog_cc_c89=
ac_cv_prog_cc_g=yes
ac_cv_prog_cxx_g=yes
ac_cv_prog_make_make_set=yes
am_cv_CC_dependencies_compiler_type=gcc3
am_cv_CXX_dependencies_compiler_type=gcc3
am_cv_make_support_nested_variables=yes
am_cv_prog_cc_c_o=yes

## ----------------- ##
## Output variables. ##
## ----------------- ##

ACLOCAL='${SHELL} /media/dm/8525468c-89c9-4e93-82b5-b9f750f1c773/home/dm/work/project/mywork/qtk_src/third/soundtouch/config/missing aclocal-1.14'
AMDEPBACKSLASH='\'
AMDEP_FALSE='#'
AMDEP_TRUE=''
AMTAR='$${TAR-tar}'
AM_BACKSLASH='\'
AM_CXXFLAGS=''
AM_DEFAULT_V='$(AM_DEFAULT_VERBOSITY)'
AM_DEFAULT_VERBOSITY='0'
AM_V='$(V)'
AR=''
AUTOCONF='${SHELL} /media/dm/8525468c-89c9-4e93-82b5-b9f750f1c773/home/dm/work/project/mywork/qtk_src/third/soundtouch/config/missing autoconf'
AUTOHEADER='${SHELL} /media/dm/8525468c-89c9-4e93-82b5-b9f750f1c773/home/dm/work/project/mywork/qtk_src/third/soundtouch/config/missing autoheader'
AUTOMAKE='${SHELL} /media/dm/8525468c-89c9-4e93-82b5-b9f750f1c773/home/dm/work/project/mywork/qtk_src/third/soundtouch/config/missing automake-1.14'
AWK='gawk'
CC='gcc'
CCDEPMODE='depmode=gcc3'
CFLAGS='-g -O2'
CPP='gcc -E'
CPPFLAGS=''
CXX='g++'
CXXCPP='g++ -E'
CXXDEPMODE='depmode=gcc3'
CXXFLAGS='-g -O2'
CYGPATH_W='echo'
DEFS=''
DEPDIR='.deps'
DLLTOOL=''
DSYMUTIL=''
DUMPBIN=''
ECHO_C=''
ECHO_N='-n'
ECHO_T=''
EGREP=''
EXEEXT=''
FGREP=''
GREP=''
HAVE_MMX_FALSE=''
HAVE_MMX_TRUE=''
HAVE_SSE_FALSE=''
HAVE_SSE_TRUE=''
INSTALL_DATA='${INSTALL} -m 644'
INSTALL_PROGRAM='${INSTALL}'
INSTALL_SCRIPT='${INSTALL}'
INSTALL_STRIP_PROGRAM='$(install_sh) -c -s'
LD=''
LDFLAGS=''
LIBOBJS=''
LIBS=''
LIBTOOL=''
LIB_SONAME='1'
LIPO=''
LN_S=''
LTLIBOBJS=''
MAKEINFO='${SHELL} /media/dm/8525468c-89c9-4e93-82b5-b9f750f1c773/home/dm/work/project/mywork/qtk_src/third/soundtouch/config/missing makeinfo'
MANIFEST_TOOL=''
MKDIR_P='/bin/mkdir -p'
NM=''
NMEDIT=''
OBJDUMP=''
OBJEXT='o'
OTOOL64=''
OTOOL=''
PACKAGE='soundtouch'
PACKAGE_BUGREPORT='http://www.surina.net/soundtouch'
PACKAGE_NAME='SoundTouch'
PACKAGE_STRING='SoundTouch 2.0.0'
PACKAGE_TARNAME='soundtouch'
PACKAGE_URL=''
PACKAGE_VERSION='2.0.0'
PATH_SEPARATOR=':'
RANLIB=''
SED=''
SET_MAKE=''
SHELL='/bin/bash'
STRIP=''
VERSION='2.0.0'
X86_OPTIMIZATIONS_FALSE=''
X86_OPTIMIZATIONS_TRUE=''
ac_ct_AR=''
ac_ct_CC='gcc'
ac_ct_CXX='g++'
ac_ct_DUMPBIN=''
am__EXEEXT_FALSE=''
am__EXEEXT_TRUE=''
am__fastdepCC_FALSE='#'
am__fastdepCC_TRUE=''
am__fastdepCXX_FALSE='#'
am__fastdepCXX_TRUE=''
am__include='include'
am__isrc=''
am__leading_dot='.'
am__nodep='_no'
am__quote=''
am__tar='$${TAR-tar} chof - "$$tardir"'
am__untar='$${TAR-tar} xf -'
bindir='${exec_prefix}/bin'
build='clean'
build_alias='clean'
build_cpu=''
build_os=''
build_vendor=''
datadir='${datarootdir}'
datarootdir='${prefix}/share'
docdir='${datarootdir}/doc/${PACKAGE_TARNAME}'
dvidir='${docdir}'
exec_prefix='NONE'
host='clean'
host_alias='clean'
host_cpu=''
host_os=''
host_vendor=''
htmldir='${docdir}'
includedir='${prefix}/include'
infodir='${datarootdir}/info'
install_sh='${SHELL} /media/dm/8525468c-89c9-4e93-82b5-b9f750f1c773/home/dm/work/project/mywork/qtk_src/third/soundtouch/config/install-sh'
libdir='${exec_prefix}/lib'
libexecdir='${exec_prefix}/libexec'
localedir='${datarootdir}/locale'
localstatedir='${prefix}/var'
mandir='${datarootdir}/man'
mkdir_p='$(MKDIR_P)'
oldincludedir='/usr/include'
pdfdir='${docdir}'
prefix='NONE'
program_transform_name='s,x,x,'
psdir='${docdir}'
sbindir='${exec_prefix}/sbin'
sharedstatedir='${prefix}/com'
sysconfdir='${prefix}/etc'
target_alias='clean'

## ----------- ##
## confdefs.h. ##
## ----------- ##

/* confdefs.h */
#define PACKAGE_NAME "SoundTouch"
#define PACKAGE_TARNAME "soundtouch"
#define PACKAGE_VERSION "2.0.0"
#define PACKAGE_STRING "SoundTouch 2.0.0"
#define PACKAGE_BUGREPORT "http://www.surina.net/soundtouch"
#define PACKAGE_URL ""
#define PACKAGE "soundtouch"
#define VERSION "2.0.0"

configure: exit 1
